\BOOKMARK [1][-]{section.1}{\376\377\000I\000n\000t\000r\000o\000d\000u\000c\000t\000i\000o\000n\000\040\000a\000n\000d\000\040\000S\000t\000r\000a\000t\000e\000g\000i\000c\000\040\000C\000o\000n\000t\000e\000x\000t}{}% 1
\BOOKMARK [2][-]{subsection.1.1}{\376\377\000T\000h\000e\000\040\000D\000i\000g\000i\000t\000a\000l\000\040\000B\000a\000t\000t\000l\000e\000f\000i\000e\000l\000d\000:\000\040\000U\000n\000d\000e\000r\000s\000t\000a\000n\000d\000i\000n\000g\000\040\000t\000h\000e\000\040\000M\000o\000d\000e\000r\000n\000\040\000C\000y\000b\000e\000r\000\040\000D\000e\000f\000e\000n\000s\000e\000\040\000C\000h\000a\000l\000l\000e\000n\000g\000e}{section.1}% 2
\BOOKMARK [2][-]{subsection.1.2}{\376\377\000T\000h\000e\000\040\000E\000v\000o\000l\000u\000t\000i\000o\000n\000\040\000o\000f\000\040\000C\000y\000b\000e\000r\000\040\000D\000e\000f\000e\000n\000s\000e\000:\000\040\000F\000r\000o\000m\000\040\000R\000e\000a\000c\000t\000i\000v\000e\000\040\000t\000o\000\040\000A\000d\000a\000p\000t\000i\000v\000e}{section.1}% 3
\BOOKMARK [2][-]{subsection.1.3}{\376\377\000R\000e\000s\000e\000a\000r\000c\000h\000\040\000M\000o\000t\000i\000v\000a\000t\000i\000o\000n\000\040\000a\000n\000d\000\040\000P\000r\000o\000b\000l\000e\000m\000\040\000S\000i\000g\000n\000i\000f\000i\000c\000a\000n\000c\000e}{section.1}% 4
\BOOKMARK [1][-]{section.2}{\376\377\000R\000e\000l\000a\000t\000e\000d\000\040\000W\000o\000r\000k}{}% 5
\BOOKMARK [2][-]{subsection.2.1}{\376\377\000F\000o\000u\000n\000d\000a\000t\000i\000o\000n\000s\000\040\000o\000f\000\040\000C\000y\000b\000e\000r\000s\000e\000c\000u\000r\000i\000t\000y\000\040\000a\000n\000d\000\040\000G\000a\000m\000e\000\040\000T\000h\000e\000o\000r\000y}{section.2}% 6
\BOOKMARK [2][-]{subsection.2.2}{\376\377\000M\000a\000c\000h\000i\000n\000e\000\040\000L\000e\000a\000r\000n\000i\000n\000g\000\040\000i\000n\000\040\000C\000y\000b\000e\000r\000s\000e\000c\000u\000r\000i\000t\000y}{section.2}% 7
\BOOKMARK [2][-]{subsection.2.3}{\376\377\000R\000e\000i\000n\000f\000o\000r\000c\000e\000m\000e\000n\000t\000\040\000L\000e\000a\000r\000n\000i\000n\000g\000\040\000f\000o\000r\000\040\000C\000y\000b\000e\000r\000\040\000D\000e\000f\000e\000n\000s\000e}{section.2}% 8
\BOOKMARK [2][-]{subsection.2.4}{\376\377\000A\000d\000v\000e\000r\000s\000a\000r\000i\000a\000l\000\040\000M\000u\000l\000t\000i\000-\000A\000g\000e\000n\000t\000\040\000R\000e\000i\000n\000f\000o\000r\000c\000e\000m\000e\000n\000t\000\040\000L\000e\000a\000r\000n\000i\000n\000g}{section.2}% 9
\BOOKMARK [2][-]{subsection.2.5}{\376\377\000C\000y\000b\000e\000r\000\040\000D\000e\000c\000e\000p\000t\000i\000o\000n\000\040\000a\000n\000d\000\040\000D\000e\000f\000e\000n\000s\000i\000v\000e\000\040\000S\000t\000r\000a\000t\000e\000g\000i\000e\000s}{section.2}% 10
\BOOKMARK [2][-]{subsection.2.6}{\376\377\000C\000u\000r\000r\000e\000n\000t\000\040\000I\000n\000d\000u\000s\000t\000r\000y\000\040\000P\000r\000a\000c\000t\000i\000c\000e\000s\000\040\000a\000n\000d\000\040\000D\000e\000f\000e\000n\000s\000e\000\040\000A\000c\000t\000i\000o\000n\000\040\000T\000a\000x\000o\000n\000o\000m\000y}{section.2}% 11
\BOOKMARK [3][-]{subsubsection.2.6.1}{\376\377\000C\000u\000r\000r\000e\000n\000t\000\040\000S\000t\000a\000t\000e\000\040\000o\000f\000\040\000D\000e\000c\000o\000y\000\040\000D\000e\000p\000l\000o\000y\000m\000e\000n\000t\000\040\000i\000n\000\040\000P\000r\000a\000c\000t\000i\000c\000e}{subsection.2.6}% 12
\BOOKMARK [3][-]{subsubsection.2.6.2}{\376\377\000C\000o\000m\000p\000r\000e\000h\000e\000n\000s\000i\000v\000e\000\040\000D\000e\000f\000e\000n\000s\000e\000\040\000A\000c\000t\000i\000o\000n\000\040\000T\000a\000x\000o\000n\000o\000m\000y}{subsection.2.6}% 13
\BOOKMARK [3][-]{subsubsection.2.6.3}{\376\377\000F\000u\000n\000d\000a\000m\000e\000n\000t\000a\000l\000\040\000L\000i\000m\000i\000t\000a\000t\000i\000o\000n\000s\000\040\000o\000f\000\040\000S\000t\000a\000t\000i\000c\000\040\000A\000p\000p\000r\000o\000a\000c\000h\000e\000s}{subsection.2.6}% 14
\BOOKMARK [3][-]{subsubsection.2.6.4}{\376\377\000J\000u\000s\000t\000i\000f\000i\000c\000a\000t\000i\000o\000n\000\040\000f\000o\000r\000\040\000R\000L\000-\000B\000a\000s\000e\000d\000\040\000A\000d\000a\000p\000t\000i\000v\000e\000\040\000A\000p\000p\000r\000o\000a\000c\000h\000e\000s}{subsection.2.6}% 15
\BOOKMARK [2][-]{subsection.2.7}{\376\377\000S\000e\000l\000f\000-\000P\000l\000a\000y\000\040\000a\000n\000d\000\040\000A\000d\000v\000e\000r\000s\000a\000r\000i\000a\000l\000\040\000T\000r\000a\000i\000n\000i\000n\000g}{section.2}% 16
\BOOKMARK [2][-]{subsection.2.8}{\376\377\000C\000u\000r\000r\000e\000n\000t\000\040\000S\000t\000a\000t\000e\000-\000o\000f\000-\000t\000h\000e\000-\000A\000r\000t\000\040\000a\000n\000d\000\040\000R\000e\000s\000e\000a\000r\000c\000h\000\040\000G\000a\000p\000s}{section.2}% 17
\BOOKMARK [2][-]{subsection.2.9}{\376\377\000P\000o\000s\000i\000t\000i\000o\000n\000i\000n\000g\000\040\000o\000f\000\040\000O\000u\000r\000\040\000C\000o\000n\000t\000r\000i\000b\000u\000t\000i\000o\000n\000s}{section.2}% 18
\BOOKMARK [1][-]{section.3}{\376\377\000R\000e\000s\000e\000a\000r\000c\000h\000\040\000Q\000u\000e\000s\000t\000i\000o\000n\000s\000\040\000a\000n\000d\000\040\000N\000o\000v\000e\000l\000\040\000E\000x\000p\000e\000r\000i\000m\000e\000n\000t\000a\000l\000\040\000C\000o\000n\000t\000r\000i\000b\000u\000t\000i\000o\000n\000s}{}% 19
\BOOKMARK [2][-]{subsection.3.1}{\376\377\000P\000r\000i\000m\000a\000r\000y\000\040\000R\000e\000s\000e\000a\000r\000c\000h\000\040\000Q\000u\000e\000s\000t\000i\000o\000n\000s}{section.3}% 20
\BOOKMARK [2][-]{subsection.3.2}{\376\377\000N\000o\000v\000e\000l\000\040\000E\000x\000p\000e\000r\000i\000m\000e\000n\000t\000a\000l\000\040\000C\000o\000n\000t\000r\000i\000b\000u\000t\000i\000o\000n\000s}{section.3}% 21
\BOOKMARK [2][-]{subsection.3.3}{\376\377\000E\000x\000p\000e\000r\000i\000m\000e\000n\000t\000a\000l\000\040\000I\000m\000p\000a\000c\000t\000\040\000a\000n\000d\000\040\000V\000a\000l\000i\000d\000a\000t\000i\000o\000n}{section.3}% 22
\BOOKMARK [1][-]{section.4}{\376\377\000E\000n\000v\000i\000r\000o\000n\000m\000e\000n\000t}{}% 23
\BOOKMARK [2][-]{subsection.4.1}{\376\377\000D\000e\000c\000i\000s\000i\000o\000n\000-\000m\000a\000k\000i\000n\000g\000\040\000p\000r\000o\000b\000l\000e\000m\000\040\000o\000v\000e\000r\000v\000i\000e\000w}{section.4}% 24
\BOOKMARK [2][-]{subsection.4.2}{\376\377\000N\000e\000t\000w\000o\000r\000k\000\040\000R\000e\000p\000r\000e\000s\000e\000n\000t\000a\000t\000i\000o\000n\000\040\000a\000n\000d\000\040\000S\000t\000a\000t\000e\000\040\000S\000p\000a\000c\000e}{section.4}% 25
\BOOKMARK [3][-]{subsubsection.4.2.1}{\376\377\000M\000a\000t\000h\000e\000m\000a\000t\000i\000c\000a\000l\000\040\000F\000o\000u\000n\000d\000a\000t\000i\000o\000n}{subsection.4.2}% 26
\BOOKMARK [3][-]{subsubsection.4.2.2}{\376\377\000I\000m\000p\000l\000e\000m\000e\000n\000t\000a\000t\000i\000o\000n\000\040\000V\000e\000r\000i\000f\000i\000c\000a\000t\000i\000o\000n}{subsection.4.2}% 27
\BOOKMARK [3][-]{subsubsection.4.2.3}{\376\377\000M\000a\000t\000h\000e\000m\000a\000t\000i\000c\000a\000l\000\040\000N\000o\000t\000a\000t\000i\000o\000n\000\040\000F\000r\000a\000m\000e\000w\000o\000r\000k}{subsection.4.2}% 28
\BOOKMARK [2][-]{subsection.4.3}{\376\377\000R\000e\000d\000\040\000A\000g\000e\000n\000t\000\040\000\050\000F\000i\000x\000e\000d\000\040\000A\000d\000v\000e\000r\000s\000a\000r\000y\000\051}{section.4}% 29
\BOOKMARK [3][-]{subsubsection.4.3.1}{\376\377\000F\000i\000x\000e\000d\000\040\000A\000d\000v\000e\000r\000s\000a\000r\000y\000\040\000B\000e\000h\000a\000v\000i\000o\000r}{subsection.4.3}% 30
\BOOKMARK [3][-]{subsubsection.4.3.2}{\376\377\000R\000e\000d\000\040\000A\000g\000e\000n\000t\000\040\000I\000m\000p\000a\000c\000t\000\040\000o\000n\000\040\000B\000l\000u\000e\000\040\000T\000r\000a\000i\000n\000i\000n\000g}{subsection.4.3}% 31
\BOOKMARK [2][-]{subsection.4.4}{\376\377\000B\000l\000u\000e\000\040\000A\000g\000e\000n\000t\000\040\000\050\000D\000e\000f\000e\000n\000d\000e\000r\000\051}{section.4}% 32
\BOOKMARK [3][-]{subsubsection.4.4.1}{\376\377\000S\000t\000a\000t\000e\000\040\000S\000p\000a\000c\000e}{subsection.4.4}% 33
\BOOKMARK [3][-]{subsubsection.4.4.2}{\376\377\000I\000m\000p\000l\000e\000m\000e\000n\000t\000a\000t\000i\000o\000n\000\040\000D\000e\000t\000a\000i\000l\000s}{subsection.4.4}% 34
\BOOKMARK [3][-]{subsubsection.4.4.3}{\376\377\000A\000c\000t\000i\000o\000n\000\040\000S\000p\000a\000c\000e}{subsection.4.4}% 35
\BOOKMARK [3][-]{subsubsection.4.4.4}{\376\377\000E\000n\000v\000i\000r\000o\000n\000m\000e\000n\000t\000-\000A\000g\000e\000n\000t\000\040\000I\000n\000t\000e\000r\000a\000c\000t\000i\000o\000n\000\040\000D\000y\000n\000a\000m\000i\000c\000s}{subsection.4.4}% 36
\BOOKMARK [3][-]{subsubsection.4.4.5}{\376\377\000R\000e\000w\000a\000r\000d\000\040\000S\000y\000s\000t\000e\000m\000:\000\040\000U\000n\000i\000f\000i\000e\000d\000\040\000M\000a\000t\000h\000e\000m\000a\000t\000i\000c\000a\000l\000\040\000F\000o\000r\000m\000u\000l\000a\000t\000i\000o\000n}{subsection.4.4}% 37
\BOOKMARK [2][-]{subsection.4.5}{\376\377\000D\000i\000s\000t\000r\000i\000b\000u\000t\000i\000o\000n\000\040\000o\000f\000\040\000s\000t\000a\000t\000e\000\040\000t\000r\000a\000n\000s\000i\000t\000i\000o\000n\000s\000\040\000a\000n\000d\000\040\000r\000e\000w\000a\000r\000d\000s}{section.4}% 38
\BOOKMARK [2][-]{subsection.4.6}{\376\377\000E\000n\000v\000i\000r\000o\000n\000m\000e\000n\000t\000\040\000S\000e\000l\000e\000c\000t\000i\000o\000n\000\040\000a\000n\000d\000\040\000E\000x\000t\000e\000n\000s\000i\000b\000i\000l\000i\000t\000y\000\040\000R\000a\000t\000i\000o\000n\000a\000l\000e}{section.4}% 39
\BOOKMARK [3][-]{subsubsection.4.6.1}{\376\377\000C\000y\000b\000e\000r\000w\000h\000e\000e\000l\000\040\000C\000o\000n\000f\000i\000g\000u\000r\000a\000t\000i\000o\000n\000\040\000S\000y\000s\000t\000e\000m\000\040\000A\000r\000c\000h\000i\000t\000e\000c\000t\000u\000r\000e}{subsection.4.6}% 40
\BOOKMARK [2][-]{subsection.4.7}{\376\377\000C\000o\000n\000f\000i\000g\000u\000r\000a\000t\000i\000o\000n\040\023\000M\000a\000t\000h\000e\000m\000a\000t\000i\000c\000a\000l\000\040\000P\000a\000r\000a\000m\000e\000t\000e\000r\000\040\000M\000a\000p\000p\000i\000n\000g}{section.4}% 41
\BOOKMARK [1][-]{section.5}{\376\377\000A\000l\000g\000o\000r\000i\000t\000h\000m}{}% 42
\BOOKMARK [2][-]{subsection.5.1}{\376\377\000R\000e\000d\000\040\000A\000g\000e\000n\000t}{section.5}% 43
\BOOKMARK [3][-]{subsubsection.5.1.1}{\376\377\000B\000a\000s\000e\000l\000i\000n\000e\000:\000\040\000D\000e\000t\000e\000r\000m\000i\000n\000i\000s\000t\000i\000c\000\040\000K\000i\000l\000l\000-\000C\000h\000a\000i\000n\000\040\000A\000g\000e\000n\000t}{subsection.5.1}% 44
\BOOKMARK [3][-]{subsubsection.5.1.2}{\376\377\000R\000e\000d\000\040\000A\000g\000e\000n\000t\000\040\000P\000o\000l\000i\000c\000y\000\040\000\050\000F\000i\000x\000e\000d\000\051}{subsection.5.1}% 45
\BOOKMARK [2][-]{subsection.5.2}{\376\377\000B\000l\000u\000e\000\040\000A\000g\000e\000n\000t}{section.5}% 46
\BOOKMARK [3][-]{subsubsection.5.2.1}{\376\377\000B\000a\000s\000e\000l\000i\000n\000e\000:\000\040\000R\000a\000n\000d\000o\000m\000\040\000D\000e\000c\000o\000y\000\040\000P\000l\000a\000c\000e\000m\000e\000n\000t}{subsection.5.2}% 47
\BOOKMARK [3][-]{subsubsection.5.2.2}{\376\377\000P\000P\000O\000\040\000A\000l\000g\000o\000r\000i\000t\000h\000m}{subsection.5.2}% 48
\BOOKMARK [2][-]{subsection.5.3}{\376\377\000D\000e\000t\000e\000c\000t\000i\000o\000n\000\040\000a\000n\000d\000\040\000A\000l\000e\000r\000t\000\040\000M\000e\000c\000h\000a\000n\000i\000s\000m\000s}{section.5}% 49
\BOOKMARK [1][-]{section.6}{\376\377\000E\000v\000a\000l\000u\000a\000t\000i\000o\000n}{}% 50
\BOOKMARK [2][-]{subsection.6.1}{\376\377\000P\000r\000i\000m\000a\000r\000y\000\040\000S\000e\000c\000u\000r\000i\000t\000y\000\040\000M\000e\000t\000r\000i\000c\000s}{section.6}% 51
\BOOKMARK [3][-]{subsubsection.6.1.1}{\376\377\000D\000e\000c\000e\000p\000t\000i\000o\000n\000\040\000E\000f\000f\000e\000c\000t\000i\000v\000e\000n\000e\000s\000s}{subsection.6.1}% 52
\BOOKMARK [3][-]{subsubsection.6.1.2}{\376\377\000A\000s\000s\000e\000t\000\040\000P\000r\000o\000t\000e\000c\000t\000i\000o\000n\000\040\000R\000a\000t\000e}{subsection.6.1}% 53
\BOOKMARK [3][-]{subsubsection.6.1.3}{\376\377\000A\000t\000t\000a\000c\000k\000\040\000D\000e\000t\000e\000c\000t\000i\000o\000n\000\040\000L\000a\000t\000e\000n\000c\000y}{subsection.6.1}% 54
\BOOKMARK [2][-]{subsection.6.2}{\376\377\000O\000p\000e\000r\000a\000t\000i\000o\000n\000a\000l\000\040\000E\000f\000f\000i\000c\000i\000e\000n\000c\000y\000\040\000M\000e\000t\000r\000i\000c\000s}{section.6}% 55
\BOOKMARK [3][-]{subsubsection.6.2.1}{\376\377\000R\000e\000s\000o\000u\000r\000c\000e\000\040\000E\000f\000f\000i\000c\000i\000e\000n\000c\000y}{subsection.6.2}% 56
\BOOKMARK [3][-]{subsubsection.6.2.2}{\376\377\000F\000a\000l\000s\000e\000\040\000P\000o\000s\000i\000t\000i\000v\000e\000\040\000R\000a\000t\000e}{subsection.6.2}% 57
\BOOKMARK [2][-]{subsection.6.3}{\376\377\000S\000t\000r\000a\000t\000e\000g\000i\000c\000\040\000L\000e\000a\000r\000n\000i\000n\000g\000\040\000M\000e\000t\000r\000i\000c\000s}{section.6}% 58
\BOOKMARK [3][-]{subsubsection.6.3.1}{\376\377\000T\000o\000t\000a\000l\000\040\000E\000x\000p\000e\000c\000t\000e\000d\000\040\000R\000e\000w\000a\000r\000d}{subsection.6.3}% 59
\BOOKMARK [3][-]{subsubsection.6.3.2}{\376\377\000S\000t\000r\000a\000t\000e\000g\000i\000c\000\040\000A\000d\000a\000p\000t\000a\000t\000i\000o\000n\000\040\000I\000n\000d\000e\000x}{subsection.6.3}% 60
\BOOKMARK [3][-]{subsubsection.6.3.3}{\376\377\000M\000e\000a\000n\000\040\000T\000i\000m\000e\000\040\000t\000o\000\040\000C\000o\000m\000p\000r\000o\000m\000i\000s\000e\000\040\000\050\000M\000T\000T\000C\000\051}{subsection.6.3}% 61
\BOOKMARK [2][-]{subsection.6.4}{\376\377\000N\000e\000t\000w\000o\000r\000k\000-\000S\000p\000e\000c\000i\000f\000i\000c\000\040\000M\000e\000t\000r\000i\000c\000s}{section.6}% 62
\BOOKMARK [3][-]{subsubsection.6.4.1}{\376\377\000C\000o\000v\000e\000r\000a\000g\000e\000\040\000Q\000u\000a\000l\000i\000t\000y}{subsection.6.4}% 63
\BOOKMARK [3][-]{subsubsection.6.4.2}{\376\377\000A\000t\000t\000a\000c\000k\000\040\000S\000u\000r\000f\000a\000c\000e\000\040\000R\000e\000d\000u\000c\000t\000i\000o\000n}{subsection.6.4}% 64
\BOOKMARK [1][-]{section.7}{\376\377\000C\000o\000m\000p\000r\000e\000h\000e\000n\000s\000i\000v\000e\000\040\000E\000x\000p\000e\000r\000i\000m\000e\000n\000t\000a\000l\000\040\000M\000e\000t\000h\000o\000d\000o\000l\000o\000g\000y}{}% 65
\BOOKMARK [2][-]{subsection.7.1}{\376\377\000S\000t\000r\000u\000c\000t\000u\000r\000e\000d\000\040\000E\000x\000p\000e\000r\000i\000m\000e\000n\000t\000a\000l\000\040\000M\000e\000t\000h\000o\000d\000o\000l\000o\000g\000y}{section.7}% 66
\BOOKMARK [2][-]{subsection.7.2}{\376\377\000E\000x\000p\000e\000r\000i\000m\000e\000n\000t\000a\000l\000\040\000D\000e\000s\000i\000g\000n\000\040\000F\000r\000a\000m\000e\000w\000o\000r\000k}{section.7}% 67
\BOOKMARK [2][-]{subsection.7.3}{\376\377\000C\000a\000t\000e\000g\000o\000r\000y\000\040\0001\000:\000\040\000A\000l\000g\000o\000r\000i\000t\000h\000m\000\040\000C\000o\000m\000p\000a\000r\000i\000s\000o\000n\000\040\000S\000t\000u\000d\000i\000e\000s}{section.7}% 68
\BOOKMARK [3][-]{subsubsection.7.3.1}{\376\377\000A\000l\000g\000o\000r\000i\000t\000h\000m\000\040\000C\000o\000m\000p\000a\000r\000i\000s\000o\000n\000\040\000R\000e\000s\000u\000l\000t\000s}{subsection.7.3}% 69
\BOOKMARK [2][-]{subsection.7.4}{\376\377\000C\000a\000t\000e\000g\000o\000r\000y\000\040\0002\000:\000\040\000E\000n\000v\000i\000r\000o\000n\000m\000e\000n\000t\000\040\000V\000a\000r\000i\000a\000t\000i\000o\000n\000\040\000S\000t\000u\000d\000i\000e\000s}{section.7}% 70
\BOOKMARK [3][-]{subsubsection.7.4.1}{\376\377\000E\000n\000v\000i\000r\000o\000n\000m\000e\000n\000t\000\040\000S\000c\000a\000l\000i\000n\000g\000\040\000R\000e\000s\000u\000l\000t\000s}{subsection.7.4}% 71
\BOOKMARK [2][-]{subsection.7.5}{\376\377\000C\000a\000t\000e\000g\000o\000r\000y\000\040\0003\000:\000\040\000P\000a\000r\000a\000m\000e\000t\000e\000r\000\040\000S\000e\000n\000s\000i\000t\000i\000v\000i\000t\000y\000\040\000S\000t\000u\000d\000i\000e\000s}{section.7}% 72
\BOOKMARK [3][-]{subsubsection.7.5.1}{\376\377\000P\000a\000r\000a\000m\000e\000t\000e\000r\000\040\000S\000e\000n\000s\000i\000t\000i\000v\000i\000t\000y\000\040\000R\000e\000s\000u\000l\000t\000s}{subsection.7.5}% 73
\BOOKMARK [2][-]{subsection.7.6}{\376\377\000V\000i\000s\000u\000a\000l\000\040\000A\000n\000a\000l\000y\000s\000i\000s\000\040\000a\000n\000d\000\040\000P\000u\000b\000l\000i\000c\000a\000t\000i\000o\000n\000-\000Q\000u\000a\000l\000i\000t\000y\000\040\000R\000e\000s\000u\000l\000t\000s}{section.7}% 74
\BOOKMARK [3][-]{subsubsection.7.6.1}{\376\377\000P\000P\000O\000\040\000T\000r\000a\000i\000n\000i\000n\000g\000\040\000a\000n\000d\000\040\000B\000a\000s\000e\000l\000i\000n\000e\000\040\000C\000o\000m\000p\000a\000r\000i\000s\000o\000n\000\040\000V\000i\000s\000u\000a\000l\000i\000z\000a\000t\000i\000o\000n\000s}{subsection.7.6}% 75
\BOOKMARK [1][-]{section.8}{\376\377\000L\000i\000m\000i\000t\000a\000t\000i\000o\000n\000s}{}% 76
\BOOKMARK [2][-]{subsection.8.1}{\376\377\000S\000i\000m\000u\000l\000a\000t\000i\000o\000n\000\040\000E\000n\000v\000i\000r\000o\000n\000m\000e\000n\000t\000\040\000C\000o\000n\000s\000t\000r\000a\000i\000n\000t\000s}{section.8}% 77
\BOOKMARK [2][-]{subsection.8.2}{\376\377\000A\000t\000t\000a\000c\000k\000\040\000M\000o\000d\000e\000l\000\040\000S\000c\000o\000p\000e}{section.8}% 78
\BOOKMARK [2][-]{subsection.8.3}{\376\377\000C\000o\000m\000p\000u\000t\000a\000t\000i\000o\000n\000a\000l\000\040\000R\000e\000s\000o\000u\000r\000c\000e\000\040\000R\000e\000q\000u\000i\000r\000e\000m\000e\000n\000t\000s}{section.8}% 79
\BOOKMARK [2][-]{subsection.8.4}{\376\377\000E\000v\000a\000l\000u\000a\000t\000i\000o\000n\000\040\000T\000i\000m\000e\000f\000r\000a\000m\000e}{section.8}% 80
\BOOKMARK [2][-]{subsection.8.5}{\376\377\000R\000e\000a\000l\000-\000W\000o\000r\000l\000d\000\040\000D\000e\000p\000l\000o\000y\000m\000e\000n\000t\000\040\000C\000o\000n\000s\000i\000d\000e\000r\000a\000t\000i\000o\000n\000s}{section.8}% 81
\BOOKMARK [2][-]{subsection.8.6}{\376\377\000B\000a\000s\000e\000l\000i\000n\000e\000\040\000C\000o\000m\000p\000a\000r\000i\000s\000o\000n\000\040\000S\000c\000o\000p\000e}{section.8}% 82
\BOOKMARK [1][-]{section.9}{\376\377\000D\000i\000s\000c\000u\000s\000s\000i\000o\000n\000\040\000a\000n\000d\000\040\000F\000u\000t\000u\000r\000e\000\040\000W\000o\000r\000k}{}% 83
\BOOKMARK [2][-]{subsection.9.1}{\376\377\000R\000e\000s\000e\000a\000r\000c\000h\000\040\000I\000m\000p\000a\000c\000t\000\040\000a\000n\000d\000\040\000S\000i\000g\000n\000i\000f\000i\000c\000a\000n\000c\000e}{section.9}% 84
\BOOKMARK [3][-]{subsubsection.9.1.1}{\376\377\000M\000e\000t\000h\000o\000d\000o\000l\000o\000g\000i\000c\000a\000l\000\040\000C\000o\000n\000t\000r\000i\000b\000u\000t\000i\000o\000n\000s}{subsection.9.1}% 85
\BOOKMARK [3][-]{subsubsection.9.1.2}{\376\377\000P\000r\000a\000c\000t\000i\000c\000a\000l\000\040\000A\000p\000p\000l\000i\000c\000a\000t\000i\000o\000n\000s}{subsection.9.1}% 86
\BOOKMARK [2][-]{subsection.9.2}{\376\377\000L\000i\000m\000i\000t\000a\000t\000i\000o\000n\000s\000\040\000a\000n\000d\000\040\000C\000h\000a\000l\000l\000e\000n\000g\000e\000s}{section.9}% 87
\BOOKMARK [3][-]{subsubsection.9.2.1}{\376\377\000C\000u\000r\000r\000e\000n\000t\000\040\000L\000i\000m\000i\000t\000a\000t\000i\000o\000n\000s}{subsection.9.2}% 88
\BOOKMARK [3][-]{subsubsection.9.2.2}{\376\377\000T\000e\000c\000h\000n\000i\000c\000a\000l\000\040\000C\000h\000a\000l\000l\000e\000n\000g\000e\000s}{subsection.9.2}% 89
\BOOKMARK [2][-]{subsection.9.3}{\376\377\000F\000u\000t\000u\000r\000e\000\040\000R\000e\000s\000e\000a\000r\000c\000h\000\040\000D\000i\000r\000e\000c\000t\000i\000o\000n\000s}{section.9}% 90
\BOOKMARK [3][-]{subsubsection.9.3.1}{\376\377\000I\000m\000m\000e\000d\000i\000a\000t\000e\000\040\000P\000r\000i\000o\000r\000i\000t\000i\000e\000s\000:\000\040\000B\000a\000s\000e\000l\000i\000n\000e\000\040\000A\000n\000a\000l\000y\000s\000i\000s\000\040\000E\000x\000t\000e\000n\000s\000i\000o\000n\000s\000\040\000\050\0006\000-\0001\0002\000\040\000m\000o\000n\000t\000h\000s\000\051}{subsection.9.3}% 91
\BOOKMARK [3][-]{subsubsection.9.3.2}{\376\377\000S\000h\000o\000r\000t\000-\000t\000e\000r\000m\000\040\000E\000x\000t\000e\000n\000s\000i\000o\000n\000s\000\040\000\050\0001\000-\0002\000\040\000y\000e\000a\000r\000s\000\051}{subsection.9.3}% 92
\BOOKMARK [3][-]{subsubsection.9.3.3}{\376\377\000M\000e\000d\000i\000u\000m\000-\000t\000e\000r\000m\000\040\000R\000e\000s\000e\000a\000r\000c\000h\000\040\000\050\0002\000-\0005\000\040\000y\000e\000a\000r\000s\000\051}{subsection.9.3}% 93
\BOOKMARK [3][-]{subsubsection.9.3.4}{\376\377\000L\000o\000n\000g\000-\000t\000e\000r\000m\000\040\000V\000i\000s\000i\000o\000n\000\040\000\050\0005\000+\000\040\000y\000e\000a\000r\000s\000\051}{subsection.9.3}% 94
\BOOKMARK [2][-]{subsection.9.4}{\376\377\000R\000e\000p\000r\000o\000d\000u\000c\000i\000b\000i\000l\000i\000t\000y\000\040\000a\000n\000d\000\040\000O\000p\000e\000n\000\040\000S\000c\000i\000e\000n\000c\000e}{section.9}% 95
\BOOKMARK [3][-]{subsubsection.9.4.1}{\376\377\000O\000p\000e\000n\000\040\000R\000e\000s\000e\000a\000r\000c\000h\000\040\000P\000l\000a\000t\000f\000o\000r\000m}{subsection.9.4}% 96
\BOOKMARK [3][-]{subsubsection.9.4.2}{\376\377\000R\000e\000s\000e\000a\000r\000c\000h\000\040\000I\000n\000f\000r\000a\000s\000t\000r\000u\000c\000t\000u\000r\000e}{subsection.9.4}% 97
\BOOKMARK [1][-]{section.10}{\376\377\000C\000o\000n\000c\000l\000u\000s\000i\000o\000n}{}% 98
\BOOKMARK [1][-]{appendix.A}{\376\377\000C\000l\000a\000i\000m\040\023\000E\000v\000i\000d\000e\000n\000c\000e\000\040\000M\000a\000t\000r\000i\000x\000\040\000\050\000C\000u\000r\000r\000e\000n\000t\000\040\000I\000m\000p\000l\000e\000m\000e\000n\000t\000e\000d\000\040\000S\000c\000o\000p\000e\000\051}{}% 99
\BOOKMARK [1][-]{appendix.B}{\376\377\000R\000e\000p\000r\000o\000d\000u\000c\000i\000b\000i\000l\000i\000t\000y\000\040\000a\000n\000d\000\040\000E\000x\000p\000e\000r\000i\000m\000e\000n\000t\000a\000l\000\040\000M\000e\000t\000a\000d\000a\000t\000a}{}% 100
\BOOKMARK [2][-]{subsection.B.1}{\376\377\000S\000e\000e\000d\000\040\000a\000n\000d\000\040\000D\000e\000t\000e\000r\000m\000i\000n\000i\000s\000m\000\040\000C\000o\000n\000t\000r\000o\000l\000s}{appendix.B}% 101
\BOOKMARK [2][-]{subsection.B.2}{\376\377\000C\000o\000n\000f\000i\000g\000u\000r\000a\000t\000i\000o\000n\000\040\000A\000r\000t\000i\000f\000a\000c\000t\000s}{appendix.B}% 102
\BOOKMARK [2][-]{subsection.B.3}{\376\377\000M\000i\000n\000i\000m\000a\000l\000\040\000R\000e\000-\000r\000u\000n\000\040\000P\000r\000o\000c\000e\000d\000u\000r\000e\000\040\000\050\000C\000o\000n\000c\000e\000p\000t\000u\000a\000l\000\051}{appendix.B}% 103
\BOOKMARK [2][-]{subsection.B.4}{\376\377\000V\000e\000r\000s\000i\000o\000n\000\040\000T\000r\000a\000c\000e\000a\000b\000i\000l\000i\000t\000y}{appendix.B}% 104
